has defaults:
  1: |
    maxReplicas: 2
    minReplicas: 1
    scaleTargetRef:
      apiVersion: apps/v1
      kind: Deployment
      name: RELEASE-NAME-elasticsearch-client
    targetCPUUtilizationPercentage: 70
