has defaults:
  1: |
    maxUnavailable: 33%
    selector:
      matchLabels:
        app.kubernetes.io/component: client
        app.kubernetes.io/instance: RELEASE-NAME
        app.kubernetes.io/name: elasticsearch
