has defaults:
  1: |
    maxUnavailable: 1
    selector:
      matchLabels:
        app.kubernetes.io/component: data
        app.kubernetes.io/instance: RELEASE-NAME
        app.kubernetes.io/name: elasticsearch
